Microchip MPLAB XC8 Compiler V2.31

Linker command line:

-W-3 --edf=D:\Work- Electronics\pic\dat\en_msgs.txt -cn \
  -h+dist/default/production\UART.X.production.sym \
  --cmf=dist/default/production\UART.X.production.cmf -z -Q18F27J53 \
  -oC:\Users\ASHISH~1\AppData\Local\Temp\s104.3 --defsym=__MPLAB_BUILD=1 \
  -Mdist/default/production/UART.X.production.map -E1 -ver=XC8 Compiler \
  --acfsm=1493 -ASTACK=0C4h-0EAFh -pstack=STACK -ACODE=00h-01FFF7h \
  -ACONST=00h-01FFF7h -ASMALLCONST=0F00h-0FFFhx496,01FF00h-01FFF7h \
  -AMEDIUMCONST=0F00h-0FFFFh,010F00h-01FFF7h -ACOMRAM=01h-05Fh \
  -AABS1=00h-0EAFh -ABIGRAM=01h-0EAFh \
  -ARAM=060h-0FFh,0100h-01FFhx13,0E00h-0EAFh -ABANK0=060h-0FFh \
  -ABANK1=0100h-01FFh -ABANK2=0200h-02FFh -ABANK3=0300h-03FFh \
  -ABANK4=0400h-04FFh -ABANK5=0500h-05FFh -ABANK6=0600h-06FFh \
  -ABANK7=0700h-07FFh -ABANK8=0800h-08FFh -ABANK9=0900h-09FFh \
  -ABANK10=0A00h-0AFFh -ABANK11=0B00h-0BFFh -ABANK12=0C00h-0CFFh \
  -ABANK13=0D00h-0DFFh -ABANK14=0E00h-0EAFh \
  -ASFR=0EB0h-0EFFh,0F00h-0F5Fh,0F60h-0FFFh -ACONFIG=01FFF8h-01FFFFh \
  -preset_vec=00h,intcode=08h,intcodelo,powerup,init -pramtop=0F00h \
  -psmallconst=SMALLCONST -pmediumconst=MEDIUMCONST -pconst=CONST \
  -AFARRAM=00h-00h -pjflash_buffer=01F800h \
  -prdata=COMRAM,nvrram=COMRAM,nvbit=COMRAM,rbss=COMRAM,rbit=COMRAM \
  -pfarbss=FARRAM,fardata=FARRAM,nvFARRAM=FARRAM \
  -pintsave_regs=BIGRAM,bigbss=BIGRAM,bigdata=BIGRAM -pbss=RAM \
  -pidata=CODE,irdata=CODE,ibigdata=CODE,ifardata=CODE -prparam=COMRAM \
  C:\Users\ASHISH~1\AppData\Local\Temp\s104.o \
  dist/default/production\UART.X.production.o 

Object code version is 3.11

Machine type is 18F27J53



                Name                               Link     Load   Length Selector   Space Scale
C:\Users\ASHISH~1\AppData\Local\Temp\s104.o
                config                            1FFF8    1FFF8        8        0       4
                init                                 D6       D6        4        4       0
                reset_vec                             0        0        4        0       0
dist/default/production\UART.X.production.o
                intcode                               8        8       CE        4       0
                config                            1FFF8    1FFF8        8        0       4
                temp                                  8        8        1        1       1
                text3                               10E      10E       16        4       0
                text1                               124      124       10        4       0
                text0                                F6       F6       18        4       0
                cstackCOMRAM                          1        1        4        1       1
                bssBANK0                             60       60       64       60       1
                bssCOMRAM                             5        5        3        1       1
                cinit                                DA       DA       1C        4       0

TOTAL           Name                               Link     Load   Length     Space
        CLASS   STACK          

        CLASS   CODE           
                intcode                               8        8       CE         0
                init                                 D6       D6        4         0
                reset_vec                             0        0        4         0
                text3                               10E      10E       16         0
                text1                               124      124       10         0
                text0                                F6       F6       18         0
                cinit                                DA       DA       1C         0

        CLASS   CONST          

        CLASS   SMALLCONST     

        CLASS   MEDIUMCONST    

        CLASS   COMRAM         
                temp                                  8        8        1         1
                cstackCOMRAM                          1        1        4         1
                bssCOMRAM                             5        5        3         1

        CLASS   ABS1           

        CLASS   BIGRAM         

        CLASS   RAM            

        CLASS   BANK0          
                bssBANK0                             60       60       64         1

        CLASS   BANK1          

        CLASS   BANK2          

        CLASS   BANK3          

        CLASS   BANK4          

        CLASS   BANK5          

        CLASS   BANK6          

        CLASS   BANK7          

        CLASS   BANK8          

        CLASS   BANK9          

        CLASS   BANK10         

        CLASS   BANK11         

        CLASS   BANK12         

        CLASS   BANK13         

        CLASS   BANK14         

        CLASS   SFR            

        CLASS   CONFIG         
                config                            1FFF8    1FFF8        8         4

        CLASS   FARRAM         

        CLASS   IDLOC          



SEGMENTS        Name                           Load    Length   Top    Selector   Space  Class

                reset_vec                      000000  000004  000004         0       0  CODE    
                cstackCOMRAM                   000001  000008  000009         1       1  COMRAM  
                intcode                        000008  00012C  000134         4       0  CODE    
                bssBANK0                       000060  000064  0000C4        60       1  BANK0   


UNUSED ADDRESS RANGES

        Name                Unused          Largest block    Delta
        BANK0            000C4-000FF              3C
        BANK1            00100-001FF             100
        BANK10           00A00-00AFF             100
        BANK11           00B00-00BFF             100
        BANK12           00C00-00CFF             100
        BANK13           00D00-00DFF             100
        BANK14           00E00-00EAF              B0
        BANK2            00200-002FF             100
        BANK3            00300-003FF             100
        BANK4            00400-004FF             100
        BANK5            00500-005FF             100
        BANK6            00600-006FF             100
        BANK7            00700-007FF             100
        BANK8            00800-008FF             100
        BANK9            00900-009FF             100
        BIGRAM           00009-0005F              57
                         000C4-00EAF             DEC
        CODE             00004-00007               4
                         00134-1FFF7           1FEC4
        COMRAM           00009-0005F              57
        CONST            00004-00007               4
                         00134-1FFF7           1FEC4
        MEDIUMCONST      00F00-0FFFF            F100
                         10F00-1FFF7            F0F8
        RAM              000C4-00EAF             100
        SFR              00EB0-00FFF              60
        SMALLCONST       00F00-1FFF7             100
        STACK            000C4-00EAF             DEC

                                  Symbol Table

_INTCONbits                  (abs)         00FF2
_IPR1bits                    (abs)         00F9F
_ISR                         intcode       00008
_PIE1bits                    (abs)         00F9D
_RCIF                        (abs)         07CF5
_RCREG                       (abs)         00FAF
_RCSTA1bits                  (abs)         00FAC
_RCSTAbits                   (abs)         00FAC
_SPBRG                       (abs)         00FB0
_TRISCbits                   (abs)         00F94
_TXIF                        (abs)         07CF4
_TXREG                       (abs)         00FAE
_TXSTA1bits                  (abs)         00FAD
__HRAM                       (abs)         00000
__Habs1                      abs1          00000
__Hbank0                     bank0         00000
__Hbank1                     bank1         00000
__Hbank10                    bank10        00000
__Hbank11                    bank11        00000
__Hbank12                    bank12        00000
__Hbank13                    bank13        00000
__Hbank14                    bank14        00000
__Hbank2                     bank2         00000
__Hbank3                     bank3         00000
__Hbank4                     bank4         00000
__Hbank5                     bank5         00000
__Hbank6                     bank6         00000
__Hbank7                     bank7         00000
__Hbank8                     bank8         00000
__Hbank9                     bank9         00000
__Hbigbss                    bigbss        00000
__Hbigdata                   bigdata       00000
__Hbigram                    bigram        00000
__Hbss                       bss           00000
__HbssBANK0                  bssBANK0      00000
__HbssCOMRAM                 bssCOMRAM     00000
__Hcinit                     cinit         00000
__Hclrtext                   clrtext       00000
__Hcomram                    comram        00000
__Hconfig                    config        20000
__Hconst                     const         00000
__HcstackCOMRAM              cstackCOMRAM  00000
__Hdata                      data          00000
__Hfarbss                    farbss        00000
__Hfardata                   fardata       00000
__Hibigdata                  ibigdata      00000
__Hidata                     idata         00000
__Hidloc                     idloc         00000
__Hifardata                  ifardata      00000
__Hinit                      init          000DA
__Hintcode                   intcode       000D6
__Hintcode_body              intcode_body  00000
__Hintcodelo                 intcodelo     000D6
__Hintentry                  intentry      00000
__Hintret                    intret        00000
__Hintsave_regs              intsave_regs  00000
__Hirdata                    irdata        00000
__Hjflash_buffer             jflash_buffer 1F800
__Hmediumconst               mediumconst   00000
__HnvFARRAM                  nvFARRAM      00000
__Hnvbit                     nvbit         00000
__Hnvrram                    nvrram        00000
__Hparam                     rparam        00000
__Hpowerup                   powerup       000D6
__Hram                       ram           00000
__Hramtop                    ramtop        00F00
__Hrbit                      rbit          00000
__Hrbss                      rbss          00000
__Hrdata                     rdata         00000
__Hreset_vec                 reset_vec     00004
__Hrparam                    rparam        00000
__Hsfr                       sfr           00000
__Hsmallconst                smallconst    00000
__Hspace_0                   (abs)         1F800
__Hspace_1                   (abs)         000C4
__Hspace_2                   (abs)         00000
__Hspace_4                   (abs)         3FFF8
__Hstack                     stack         00000
__Hstruct                    struct        00000
__Htemp                      temp          00009
__Htext                      text          00000
__Htext0                     text0         00000
__Htext1                     text1         00000
__Htext3                     text3         00000
__LRAM                       (abs)         00001
__Labs1                      abs1          00000
__Lbank0                     bank0         00000
__Lbank1                     bank1         00000
__Lbank10                    bank10        00000
__Lbank11                    bank11        00000
__Lbank12                    bank12        00000
__Lbank13                    bank13        00000
__Lbank14                    bank14        00000
__Lbank2                     bank2         00000
__Lbank3                     bank3         00000
__Lbank4                     bank4         00000
__Lbank5                     bank5         00000
__Lbank6                     bank6         00000
__Lbank7                     bank7         00000
__Lbank8                     bank8         00000
__Lbank9                     bank9         00000
__Lbigbss                    bigbss        00000
__Lbigdata                   bigdata       00000
__Lbigram                    bigram        00000
__Lbss                       bss           00000
__LbssBANK0                  bssBANK0      00000
__LbssCOMRAM                 bssCOMRAM     00000
__Lcinit                     cinit         00000
__Lclrtext                   clrtext       00000
__Lcomram                    comram        00000
__Lconfig                    config        00000
__Lconst                     const         00000
__LcstackCOMRAM              cstackCOMRAM  00000
__Ldata                      data          00000
__Lfarbss                    farbss        00000
__Lfardata                   fardata       00000
__Libigdata                  ibigdata      00000
__Lidata                     idata         00000
__Lidloc                     idloc         00000
__Lifardata                  ifardata      00000
__Linit                      init          000D6
__Lintcode                   intcode       00008
__Lintcode_body              intcode_body  00000
__Lintcodelo                 intcodelo     000D6
__Lintentry                  intentry      00000
__Lintret                    intret        00000
__Lintsave_regs              intsave_regs  00000
__Lirdata                    irdata        00000
__Ljflash_buffer             jflash_buffer 1F800
__Lmediumconst               mediumconst   00000
__LnvFARRAM                  nvFARRAM      00000
__Lnvbit                     nvbit         00000
__Lnvrram                    nvrram        00000
__Lparam                     rparam        00000
__Lpowerup                   powerup       000D6
__Lram                       ram           00000
__Lramtop                    ramtop        00F00
__Lrbit                      rbit          00000
__Lrbss                      rbss          00000
__Lrdata                     rdata         00000
__Lreset_vec                 reset_vec     00000
__Lrparam                    rparam        00000
__Lsfr                       sfr           00000
__Lsmallconst                smallconst    00000
__Lspace_0                   (abs)         00000
__Lspace_1                   (abs)         00000
__Lspace_2                   (abs)         00000
__Lspace_4                   (abs)         00000
__Lstack                     stack         00000
__Lstruct                    struct        00000
__Ltemp                      temp          00008
__Ltext                      text          00000
__Ltext0                     text0         00000
__Ltext1                     text1         00000
__Ltext3                     text3         00000
__S0                         (abs)         00134
__S1                         (abs)         000C4
__S2                         (abs)         00000
__S4                         (abs)         00000
___inthi_sp                  stack         00000
___intlo_sp                  stack         00000
___param_bank                (abs)         00000
___rparam_used               (abs)         00001
___sp                        stack         00000
__accesstop                  (abs)         00060
__activetblptr               (abs)         00000
__end_of_ISR                 intcode       000D6
__end_of__initialization     cinit         000EC
__end_of_main                text0         0010E
__end_of_setting_registers   text1         00134
__end_of_transmit_character  text3         00124
__initialization             cinit         000DA
__mediumconst                mediumconst   00000
__pbssBANK0                  bssBANK0      00060
__pbssCOMRAM                 bssCOMRAM     00005
__pcinit                     cinit         000DA
__pcstackCOMRAM              cstackCOMRAM  00001
__pintcode                   intcode       00008
__ptext0                     text0         000F6
__ptext1                     text1         00124
__ptext3                     text3         0010E
__ramtop                     ramtop        00F00
__size_of_ISR                (abs)         00000
__size_of_main               (abs)         00000
__size_of_setting_registers  (abs)         00000
__size_of_transmit_character (abs)         00000
__smallconst                 smallconst    00000
_i                           bssCOMRAM     00005
_main                        text0         000F6
_out                         bssCOMRAM     00007
_rc_data                     bssBANK0      00060
_setting_registers           text1         00124
_transmit_character          text3         0010E
btemp                        temp          00008
end_of_initialization        cinit         000EC
int$flags                    temp          00008
intlevel0                    text          00000
intlevel1                    text          00000
intlevel2                    text          00000
intlevel3                    text          00000
stackhi                      (abs)         00EAF
stacklo                      (abs)         000C4
start                        init          000D6
start_initialization         cinit         000DA
transmit_character@out       cstackCOMRAM  00001
ttemp5                       temp          00009
ttemp6                       temp          0000C
ttemp7                       temp          00010
wtemp8                       temp          00009


FUNCTION INFORMATION:

 *************** function _main *****************
 Defined at:
		line 71 in file "UART.c"
 Parameters:    Size  Location     Type
		None
 Auto vars:     Size  Location     Type
		None
 Return value:  Size  Location     Type
                  1    wreg      void 
 Registers used:
		wreg, status,2, cstack
 Tracked objects:
		On entry : 
		On exit  : 
		Unchanged: 
 Data sizes:     COMRAM   BANK0   BANK1   BANK2   BANK3   BANK4   BANK5   BANK6   BANK7   BANK8   BANK9  BANK10  BANK11  BANK12  BANK13  BANK14
      Params:         0       0       0       0       0       0       0       0       0       0       0       0       0       0       0       0
      Locals:         0       0       0       0       0       0       0       0       0       0       0       0       0       0       0       0
      Temps:          0       0       0       0       0       0       0       0       0       0       0       0       0       0       0       0
      Totals:         0       0       0       0       0       0       0       0       0       0       0       0       0       0       0       0
Total ram usage:        0 bytes
 Hardware stack levels required when called:    3
 This function calls:
		_setting_registers
 This function is called by:
		Startup code after reset
 This function uses a non-reentrant model


 *************** function _setting_registers *****************
 Defined at:
		line 18 in file "UART.c"
 Parameters:    Size  Location     Type
		None
 Auto vars:     Size  Location     Type
		None
 Return value:  Size  Location     Type
                  1    wreg      void 
 Registers used:
		wreg, status,2
 Tracked objects:
		On entry : 
		On exit  : 
		Unchanged: 
 Data sizes:     COMRAM   BANK0   BANK1   BANK2   BANK3   BANK4   BANK5   BANK6   BANK7   BANK8   BANK9  BANK10  BANK11  BANK12  BANK13  BANK14
      Params:         0       0       0       0       0       0       0       0       0       0       0       0       0       0       0       0
      Locals:         0       0       0       0       0       0       0       0       0       0       0       0       0       0       0       0
      Temps:          0       0       0       0       0       0       0       0       0       0       0       0       0       0       0       0
      Totals:         0       0       0       0       0       0       0       0       0       0       0       0       0       0       0       0
Total ram usage:        0 bytes
 Hardware stack levels used:    1
 Hardware stack levels required when called:    2
 This function calls:
		Nothing
 This function is called by:
		_main
 This function uses a non-reentrant model


 *************** function _ISR *****************
 Defined at:
		line 40 in file "UART.c"
 Parameters:    Size  Location     Type
		None
 Auto vars:     Size  Location     Type
		None
 Return value:  Size  Location     Type
                  1    wreg      void 
 Registers used:
		wreg, fsr2l, fsr2h, status,2, status,0, cstack
 Tracked objects:
		On entry : 
		On exit  : 
		Unchanged: 
 Data sizes:     COMRAM   BANK0   BANK1   BANK2   BANK3   BANK4   BANK5   BANK6   BANK7   BANK8   BANK9  BANK10  BANK11  BANK12  BANK13  BANK14
      Params:         0       0       0       0       0       0       0       0       0       0       0       0       0       0       0       0
      Locals:         0       0       0       0       0       0       0       0       0       0       0       0       0       0       0       0
      Temps:          3       0       0       0       0       0       0       0       0       0       0       0       0       0       0       0
      Totals:         3       0       0       0       0       0       0       0       0       0       0       0       0       0       0       0
Total ram usage:        3 bytes
 Hardware stack levels used:    1
 Hardware stack levels required when called:    1
 This function calls:
		_transmit_character
 This function is called by:
		Interrupt level 2
 This function uses a non-reentrant model


 *************** function _transmit_character *****************
 Defined at:
		line 32 in file "UART.c"
 Parameters:    Size  Location     Type
  out             1    wreg     unsigned char 
 Auto vars:     Size  Location     Type
  out             1    0[COMRAM] unsigned char 
 Return value:  Size  Location     Type
                  1    wreg      void 
 Registers used:
		wreg
 Tracked objects:
		On entry : 
		On exit  : 
		Unchanged: 
 Data sizes:     COMRAM   BANK0   BANK1   BANK2   BANK3   BANK4   BANK5   BANK6   BANK7   BANK8   BANK9  BANK10  BANK11  BANK12  BANK13  BANK14
      Params:         0       0       0       0       0       0       0       0       0       0       0       0       0       0       0       0
      Locals:         1       0       0       0       0       0       0       0       0       0       0       0       0       0       0       0
      Temps:          0       0       0       0       0       0       0       0       0       0       0       0       0       0       0       0
      Totals:         1       0       0       0       0       0       0       0       0       0       0       0       0       0       0       0
Total ram usage:        1 bytes
 Hardware stack levels used:    1
 This function calls:
		Nothing
 This function is called by:
		_ISR
 This function uses a non-reentrant model



MODULE INFORMATION

Module		Function		Class		Link	Load	Size
UART.c
		_ISR           		CODE           	0008	0000	206
		_main          		CODE           	00F6	0000	24
		_transmit_character		CODE           	010E	0000	22
		_setting_registers		CODE           	0124	0000	16

UART.c estimated size: 268

shared
		__initialization		CODE           	00DA	0000	18

shared estimated size: 18

