Microchip MPLAB XC8 Compiler V2.31

Linker command line:

-W-3 --edf=D:\Work- Electronics\pic\dat\en_msgs.txt -cn \
  -h+dist/default/production\UART.X.production.sym \
  --cmf=dist/default/production\UART.X.production.cmf -z -Q18F27J53 \
  -oC:\Users\ASHISH~1\AppData\Local\Temp\s158k.2 --defsym=__MPLAB_BUILD=1 \
  -Mdist/default/production/UART.X.production.map -E1 -ver=XC8 Compiler \
  --acfsm=1493 -ASTACK=0C6h-0EAFh -pstack=STACK -ACODE=00h-01FFF7h \
  -ACONST=00h-01FFF7h -ASMALLCONST=0F00h-0FFFhx496,01FF00h-01FFF7h \
  -AMEDIUMCONST=0F00h-0FFFFh,010F00h-01FFF7h -ACOMRAM=01h-05Fh \
  -AABS1=00h-0EAFh -ABIGRAM=01h-0EAFh \
  -ARAM=060h-0FFh,0100h-01FFhx13,0E00h-0EAFh -ABANK0=060h-0FFh \
  -ABANK1=0100h-01FFh -ABANK2=0200h-02FFh -ABANK3=0300h-03FFh \
  -ABANK4=0400h-04FFh -ABANK5=0500h-05FFh -ABANK6=0600h-06FFh \
  -ABANK7=0700h-07FFh -ABANK8=0800h-08FFh -ABANK9=0900h-09FFh \
  -ABANK10=0A00h-0AFFh -ABANK11=0B00h-0BFFh -ABANK12=0C00h-0CFFh \
  -ABANK13=0D00h-0DFFh -ABANK14=0E00h-0EAFh \
  -ASFR=0EB0h-0EFFh,0F00h-0F5Fh,0F60h-0FFFh -ACONFIG=01FFF8h-01FFFFh \
  -preset_vec=00h,intcode,intcodelo,powerup,init -pramtop=0F00h \
  -psmallconst=SMALLCONST -pmediumconst=MEDIUMCONST -pconst=CONST \
  -AFARRAM=00h-00h -pjflash_buffer=01F800h \
  -prdata=COMRAM,nvrram=COMRAM,nvbit=COMRAM,rbss=COMRAM,rbit=COMRAM \
  -pfarbss=FARRAM,fardata=FARRAM,nvFARRAM=FARRAM \
  -pintsave_regs=BIGRAM,bigbss=BIGRAM,bigdata=BIGRAM -pbss=RAM \
  -pidata=CODE,irdata=CODE,ibigdata=CODE,ifardata=CODE -prparam=COMRAM \
  C:\Users\ASHISH~1\AppData\Local\Temp\s158k.o \
  dist/default/production\UART.X.production.o 

Object code version is 3.11

Machine type is 18F27J53



                Name                               Link     Load   Length Selector   Space Scale
C:\Users\ASHISH~1\AppData\Local\Temp\s158k.o
                config                            1FFF8    1FFF8        8        0       4
                init                                  0        0        4        0       0
dist/default/production\UART.X.production.o
                config                            1FFF8    1FFF8        8        0       4
                text2                             1FF30    1FF30       10     FF98       0
                text1                             1FF40    1FF40       16     FFA0       0
                text0                             1FF56    1FF56       A2     FFAB       0
                cstackCOMRAM                          1        1        2        1       1
                cstackBANK0                          60       60       66       60       1
                cinit                             1FF2A    1FF2A        6     FF95       0

TOTAL           Name                               Link     Load   Length     Space
        CLASS   STACK          

        CLASS   CODE           
                init                                  0        0        4         0
                text2                             1FF30    1FF30       10         0
                text1                             1FF40    1FF40       16         0
                text0                             1FF56    1FF56       A2         0
                cinit                             1FF2A    1FF2A        6         0

        CLASS   CONST          

        CLASS   SMALLCONST     

        CLASS   MEDIUMCONST    

        CLASS   COMRAM         
                cstackCOMRAM                          1        1        2         1

        CLASS   ABS1           

        CLASS   BIGRAM         

        CLASS   RAM            

        CLASS   BANK0          
                cstackBANK0                          60       60       66         1

        CLASS   BANK1          

        CLASS   BANK2          

        CLASS   BANK3          

        CLASS   BANK4          

        CLASS   BANK5          

        CLASS   BANK6          

        CLASS   BANK7          

        CLASS   BANK8          

        CLASS   BANK9          

        CLASS   BANK10         

        CLASS   BANK11         

        CLASS   BANK12         

        CLASS   BANK13         

        CLASS   BANK14         

        CLASS   SFR            

        CLASS   CONFIG         
                config                            1FFF8    1FFF8        8         4

        CLASS   FARRAM         

        CLASS   IDLOC          



SEGMENTS        Name                           Load    Length   Top    Selector   Space  Class

                reset_vec                      000000  000004  000004         0       0  CODE    
                cstackCOMRAM                   000001  000002  000003         1       1  COMRAM  
                cstackBANK0                    000060  000066  0000C6        60       1  BANK0   
                cinit                          01FF2A  000006  01FF30      FF95       0  CODE    
                text2                          01FF30  000010  01FF40      FF98       0  CODE    
                text1                          01FF40  000016  01FF56      FFA0       0  CODE    
                text0                          01FF56  0000A2  01FFF8      FFAB       0  CODE    


UNUSED ADDRESS RANGES

        Name                Unused          Largest block    Delta
        BANK0            000C6-000FF              3A
        BANK1            00100-001FF             100
        BANK10           00A00-00AFF             100
        BANK11           00B00-00BFF             100
        BANK12           00C00-00CFF             100
        BANK13           00D00-00DFF             100
        BANK14           00E00-00EAF              B0
        BANK2            00200-002FF             100
        BANK3            00300-003FF             100
        BANK4            00400-004FF             100
        BANK5            00500-005FF             100
        BANK6            00600-006FF             100
        BANK7            00700-007FF             100
        BANK8            00800-008FF             100
        BANK9            00900-009FF             100
        BIGRAM           00003-0005F              5D
                         000C6-00EAF             DEA
        CODE             00004-1FF29           1FF26
        COMRAM           00003-0005F              5D
        CONST            00004-1FF29           1FF26
        MEDIUMCONST      00F00-0FFFF            F100
                         10F00-1FF29            F02A
        RAM              000C6-00EAF             100
        SFR              00EB0-00FFF              60
        SMALLCONST       00F00-1FF29             100
        STACK            000C6-00EAF             DEA

                                  Symbol Table

_RCIF                        (abs)         07CF5
_RCREG                       (abs)         00FAF
_RCSTA1bits                  (abs)         00FAC
_RCSTAbits                   (abs)         00FAC
_SPBRG                       (abs)         00FB0
_TRISCbits                   (abs)         00F94
_TXIF                        (abs)         07CF4
_TXREG                       (abs)         00FAE
_TXSTA1bits                  (abs)         00FAD
__HRAM                       (abs)         00000
__Habs1                      abs1          00000
__Hbank0                     bank0         00000
__Hbank1                     bank1         00000
__Hbank10                    bank10        00000
__Hbank11                    bank11        00000
__Hbank12                    bank12        00000
__Hbank13                    bank13        00000
__Hbank14                    bank14        00000
__Hbank2                     bank2         00000
__Hbank3                     bank3         00000
__Hbank4                     bank4         00000
__Hbank5                     bank5         00000
__Hbank6                     bank6         00000
__Hbank7                     bank7         00000
__Hbank8                     bank8         00000
__Hbank9                     bank9         00000
__Hbigbss                    bigbss        00000
__Hbigdata                   bigdata       00000
__Hbigram                    bigram        00000
__Hbss                       bss           00000
__Hcinit                     cinit         00000
__Hclrtext                   clrtext       00000
__Hcomram                    comram        00000
__Hconfig                    config        20000
__Hconst                     const         00000
__HcstackBANK0               cstackBANK0   00000
__HcstackCOMRAM              cstackCOMRAM  00000
__Hdata                      data          00000
__Hfarbss                    farbss        00000
__Hfardata                   fardata       00000
__Hibigdata                  ibigdata      00000
__Hidata                     idata         00000
__Hidloc                     idloc         00000
__Hifardata                  ifardata      00000
__Hinit                      init          00004
__Hintcode                   intcode       00000
__Hintcode_body              intcode_body  00000
__Hintcodelo                 intcodelo     00000
__Hintentry                  intentry      00000
__Hintret                    intret        00000
__Hintsave_regs              intsave_regs  00000
__Hirdata                    irdata        00000
__Hjflash_buffer             jflash_buffer 1F800
__Hmediumconst               mediumconst   00000
__HnvFARRAM                  nvFARRAM      00000
__Hnvbit                     nvbit         00000
__Hnvrram                    nvrram        00000
__Hparam                     rparam        00000
__Hpowerup                   powerup       00000
__Hram                       ram           00000
__Hramtop                    ramtop        00F00
__Hrbit                      rbit          00000
__Hrbss                      rbss          00000
__Hrdata                     rdata         00000
__Hreset_vec                 reset_vec     00000
__Hrparam                    rparam        00000
__Hsfr                       sfr           00000
__Hsmallconst                smallconst    00000
__Hspace_0                   (abs)         1FFF8
__Hspace_1                   (abs)         000C6
__Hspace_2                   (abs)         00000
__Hspace_4                   (abs)         3FFF8
__Hstack                     stack         00000
__Hstruct                    struct        00000
__Htemp                      temp          00000
__Htext                      text          00000
__Htext0                     text0         00000
__Htext1                     text1         00000
__Htext2                     text2         00000
__LRAM                       (abs)         00001
__Labs1                      abs1          00000
__Lbank0                     bank0         00000
__Lbank1                     bank1         00000
__Lbank10                    bank10        00000
__Lbank11                    bank11        00000
__Lbank12                    bank12        00000
__Lbank13                    bank13        00000
__Lbank14                    bank14        00000
__Lbank2                     bank2         00000
__Lbank3                     bank3         00000
__Lbank4                     bank4         00000
__Lbank5                     bank5         00000
__Lbank6                     bank6         00000
__Lbank7                     bank7         00000
__Lbank8                     bank8         00000
__Lbank9                     bank9         00000
__Lbigbss                    bigbss        00000
__Lbigdata                   bigdata       00000
__Lbigram                    bigram        00000
__Lbss                       bss           00000
__Lcinit                     cinit         00000
__Lclrtext                   clrtext       00000
__Lcomram                    comram        00000
__Lconfig                    config        00000
__Lconst                     const         00000
__LcstackBANK0               cstackBANK0   00000
__LcstackCOMRAM              cstackCOMRAM  00000
__Ldata                      data          00000
__Lfarbss                    farbss        00000
__Lfardata                   fardata       00000
__Libigdata                  ibigdata      00000
__Lidata                     idata         00000
__Lidloc                     idloc         00000
__Lifardata                  ifardata      00000
__Linit                      init          00000
__Lintcode                   intcode       00000
__Lintcode_body              intcode_body  00000
__Lintcodelo                 intcodelo     00000
__Lintentry                  intentry      00000
__Lintret                    intret        00000
__Lintsave_regs              intsave_regs  00000
__Lirdata                    irdata        00000
__Ljflash_buffer             jflash_buffer 1F800
__Lmediumconst               mediumconst   00000
__LnvFARRAM                  nvFARRAM      00000
__Lnvbit                     nvbit         00000
__Lnvrram                    nvrram        00000
__Lparam                     rparam        00000
__Lpowerup                   powerup       00000
__Lram                       ram           00000
__Lramtop                    ramtop        00F00
__Lrbit                      rbit          00000
__Lrbss                      rbss          00000
__Lrdata                     rdata         00000
__Lreset_vec                 reset_vec     00000
__Lrparam                    rparam        00000
__Lsfr                       sfr           00000
__Lsmallconst                smallconst    00000
__Lspace_0                   (abs)         00000
__Lspace_1                   (abs)         00000
__Lspace_2                   (abs)         00000
__Lspace_4                   (abs)         00000
__Lstack                     stack         00000
__Lstruct                    struct        00000
__Ltemp                      temp          00000
__Ltext                      text          00000
__Ltext0                     text0         00000
__Ltext1                     text1         00000
__Ltext2                     text2         00000
__S0                         (abs)         1FFF8
__S1                         (abs)         000C6
__S2                         (abs)         00000
__S4                         (abs)         00000
___inthi_sp                  stack         00000
___intlo_sp                  stack         00000
___param_bank                (abs)         00000
___rparam_used               (abs)         00001
___sp                        stack         00000
__accesstop                  (abs)         00060
__activetblptr               (abs)         00000
__end_of__initialization     cinit         1FF2A
__end_of_main                text0         1FFF8
__end_of_setting_registers   text2         1FF40
__end_of_transmit_character  text1         1FF56
__initialization             cinit         1FF2A
__mediumconst                mediumconst   00000
__pcinit                     cinit         1FF2A
__pcstackBANK0               cstackBANK0   00060
__pcstackCOMRAM              cstackCOMRAM  00001
__ptext0                     text0         1FF56
__ptext1                     text1         1FF40
__ptext2                     text2         1FF30
__ramtop                     ramtop        00F00
__size_of_main               (abs)         00000
__size_of_setting_registers  (abs)         00000
__size_of_transmit_character (abs)         00000
__smallconst                 smallconst    00000
_main                        text0         1FF56
_setting_registers           text2         1FF30
_transmit_character          text1         1FF40
end_of_initialization        cinit         1FF2A
intlevel0                    text          00000
intlevel1                    text          00000
intlevel2                    text          00000
intlevel3                    text          00000
main@i                       cstackBANK0   000C4
main@rc_data                 cstackBANK0   00060
stackhi                      (abs)         00EAF
stacklo                      (abs)         000C6
start                        init          00000
start_initialization         cinit         1FF2A
transmit_character@out       cstackCOMRAM  00001


FUNCTION INFORMATION:

 *************** function _main *****************
 Defined at:
		line 51 in file "UART.c"
 Parameters:    Size  Location     Type
		None
 Auto vars:     Size  Location     Type
  rc_data       100    0[BANK0 ] unsigned char [100]
  i               2  100[BANK0 ] unsigned int 
  out             1    0        unsigned char 
 Return value:  Size  Location     Type
                  1    wreg      void 
 Registers used:
		wreg, fsr2l, fsr2h, status,2, status,0, cstack
 Tracked objects:
		On entry : 
		On exit  : 
		Unchanged: 
 Data sizes:     COMRAM   BANK0   BANK1   BANK2   BANK3   BANK4   BANK5   BANK6   BANK7   BANK8   BANK9  BANK10  BANK11  BANK12  BANK13  BANK14
      Params:         0       0       0       0       0       0       0       0       0       0       0       0       0       0       0       0
      Locals:         0     102       0       0       0       0       0       0       0       0       0       0       0       0       0       0
      Temps:          1       0       0       0       0       0       0       0       0       0       0       0       0       0       0       0
      Totals:         1     102       0       0       0       0       0       0       0       0       0       0       0       0       0       0
Total ram usage:      103 bytes
 Hardware stack levels required when called:    1
 This function calls:
		_setting_registers
		_transmit_character
 This function is called by:
		Startup code after reset
 This function uses a non-reentrant model


 *************** function _transmit_character *****************
 Defined at:
		line 30 in file "UART.c"
 Parameters:    Size  Location     Type
  out             1    wreg     unsigned char 
 Auto vars:     Size  Location     Type
  out             1    0[COMRAM] unsigned char 
 Return value:  Size  Location     Type
                  1    wreg      void 
 Registers used:
		wreg
 Tracked objects:
		On entry : 
		On exit  : 
		Unchanged: 
 Data sizes:     COMRAM   BANK0   BANK1   BANK2   BANK3   BANK4   BANK5   BANK6   BANK7   BANK8   BANK9  BANK10  BANK11  BANK12  BANK13  BANK14
      Params:         0       0       0       0       0       0       0       0       0       0       0       0       0       0       0       0
      Locals:         1       0       0       0       0       0       0       0       0       0       0       0       0       0       0       0
      Temps:          0       0       0       0       0       0       0       0       0       0       0       0       0       0       0       0
      Totals:         1       0       0       0       0       0       0       0       0       0       0       0       0       0       0       0
Total ram usage:        1 bytes
 Hardware stack levels used:    1
 This function calls:
		Nothing
 This function is called by:
		_main
 This function uses a non-reentrant model


 *************** function _setting_registers *****************
 Defined at:
		line 16 in file "UART.c"
 Parameters:    Size  Location     Type
		None
 Auto vars:     Size  Location     Type
		None
 Return value:  Size  Location     Type
                  1    wreg      void 
 Registers used:
		wreg, status,2
 Tracked objects:
		On entry : 
		On exit  : 
		Unchanged: 
 Data sizes:     COMRAM   BANK0   BANK1   BANK2   BANK3   BANK4   BANK5   BANK6   BANK7   BANK8   BANK9  BANK10  BANK11  BANK12  BANK13  BANK14
      Params:         0       0       0       0       0       0       0       0       0       0       0       0       0       0       0       0
      Locals:         0       0       0       0       0       0       0       0       0       0       0       0       0       0       0       0
      Temps:          0       0       0       0       0       0       0       0       0       0       0       0       0       0       0       0
      Totals:         0       0       0       0       0       0       0       0       0       0       0       0       0       0       0       0
Total ram usage:        0 bytes
 Hardware stack levels used:    1
 This function calls:
		Nothing
 This function is called by:
		_main
 This function uses a non-reentrant model



MODULE INFORMATION

Module		Function		Class		Link	Load	Size
UART.c
		_main          		CODE           	1FF56	0000	162
		_transmit_character		CODE           	1FF40	0000	22
		_setting_registers		CODE           	1FF30	0000	16

UART.c estimated size: 200

shared
		__initialization		CODE           	1FF2A	0000	1

shared estimated size: 1

